Starting a Gradle Daemon, 3 busy and 4 stopped Daemons could not be reused, use --status for details
> Task :checkKotlinGradlePluginConfigurationErrors SKIPPED
> Task :processResources UP-TO-DATE

> Task :compileKotlin
w: file:///C:/Users/rkdeh/kzoneAi/backend/src/main/kotlin/com/kzoneworkspace/backend/claude/AgentExecutor.kt:89:104 Unchecked cast of 'Map<*, *>!' to 'Map<String, Any>'.
w: file:///C:/Users/rkdeh/kzoneAi/backend/src/main/kotlin/com/kzoneworkspace/backend/claude/AgentExecutor.kt:142:52 Unchecked cast of 'Any?' to 'Map<String, Any>'.
w: file:///C:/Users/rkdeh/kzoneAi/backend/src/main/kotlin/com/kzoneworkspace/backend/claude/GeminiClient.kt:37:56 Unchecked cast of 'Any?' to 'Map<String, Any>'.
w: file:///C:/Users/rkdeh/kzoneAi/backend/src/main/kotlin/com/kzoneworkspace/backend/claude/GeminiClient.kt:40:60 Unchecked cast of 'Any?' to 'Map<String, Any>'.
w: file:///C:/Users/rkdeh/kzoneAi/backend/src/main/kotlin/com/kzoneworkspace/backend/claude/GeminiClient.kt:41:56 Unchecked cast of 'Any?' to 'List<String>'.
w: file:///C:/Users/rkdeh/kzoneAi/backend/src/main/kotlin/com/kzoneworkspace/backend/claude/GeminiClient.kt:47:38 Unchecked cast of 'Any' to 'Map<String, Any>'.
w: file:///C:/Users/rkdeh/kzoneAi/backend/src/main/kotlin/com/kzoneworkspace/backend/claude/GeminiClient.kt:79:42 Unchecked cast of 'Any?' to 'Map<String, Any>'.
w: file:///C:/Users/rkdeh/kzoneAi/backend/src/main/kotlin/com/kzoneworkspace/backend/claude/GeminiClient.kt:86:57 Unchecked cast of 'Any?' to 'Map<String, Any>'.

> Task :compileJava NO-SOURCE
> Task :classes UP-TO-DATE

BUILD SUCCESSFUL in 22s
2 actionable tasks: 1 executed, 1 up-to-date
