> Task :checkKotlinGradlePluginConfigurationErrors SKIPPED
> Task :compileKotlin UP-TO-DATE

BUILD SUCCESSFUL in 2s
1 actionable task: 1 up-to-date
